http://localhost/issues/new?title=%5BNBug%5D%20BAU-863%20adding%20settings%20and%20organisations%20if%20they%20are%20not%20a...&body=%23%23%20Current%20behaviour%0D%0A%0D%0A%60%60%60%0D%0ASystem.ApplicationException%3A%20Failed%20---%3E%20System.ArgumentOutOfRangeException%3A%20Opps%20---%3E%20System.DivideByZeroException%3A%20Boom%21%0D%0A%20%20%20---%20End%20of%20inner%20exception%20stack%20trace%20---%0D%0A%20%20%20---%20End%20of%20inner%20exception%20stack%20trace%20---%0D%0A%20%20%20at%20NBug.Tests.Unit.Util.Mock.Method1%28%29%20in%20C%3A%5CDevelopment%5Cgitextensions%5CExternals%5CNBug%5CNBug.Tests%5CUnit%5CUtil%5CMock.cs%3Aline%2013%0D%0A%20%20%20at%20NBug.Tests.Unit.Util.Mock.Method2%28%29%20in%20C%3A%5CDevelopment%5Cgitextensions%5CExternals%5CNBug%5CNBug.Tests%5CUnit%5CUtil%5CMock.cs%3Aline%2016%0D%0A%20%20%20at%20NBug.Tests.Unit.Util.Mock.Method3%28%29%20in%20C%3A%5CDevelopment%5Cgitextensions%5CExternals%5CNBug%5CNBug.Tests%5CUnit%5CUtil%5CMock.cs%3Aline%2017%0D%0A%20%20%20at%20NBug.Tests.Unit.Util.Mock.Method4%28%29%20in%20C%3A%5CDevelopment%5Cgitextensions%5CExternals%5CNBug%5CNBug.Tests%5CUnit%5CUtil%5CMock.cs%3Aline%2018%0D%0A%20%20%20at%20NBug.Tests.Unit.Util.Mock.DoWork%28%29%20in%20C%3A%5CDevelopment%5Cgitextensions%5CExternals%5CNBug%5CNBug.Tests%5CUnit%5CUtil%5CMock.cs%3Aline%207%0D%0A%20%20%20at%20NBug.Tests.Unit.Util.ErrorReportMarkDownBodyBuilderTests.Build_should_build_report_without_system_or_additional_info%28%29%20in%20C%3A%5CDevelopment%5Cgitextensions%5CExternals%5CNBug%5CNBug.Tests%5CUnit%5CUtil%5CErrorReportMarkDownBodyBuilderTests.cs%3Aline%2036%0D%0A%60%60%60%0D%0A%0D%0A%23%23%20Additional%20information%0D%0A%0D%0AIt%20happened%20when%20I%20was%20arguing%20with%20someone%20on%20the%20Internet.%0D%0AI%20was%20right%20and%20they%20were%20absolutely%20wrong%21%0D%0AI%20win%21But%20the%20app%20crashed%21%0D%0APLEASE%20HELP%21%21%21%0D%0A%0D%0A%0D%0A%23%23%20Environment%0D%0A%0D%0A-%20Git%20Extensions%200.0.2.5232%0D%0A-%20Build%2023b6f51905006ccdde8701591df706284b4155dc%0D%0A-%20Git%202.19.0.windows.1%0D%0A-%20Microsoft%20Windows%20NT%2010.0.17134.0%0D%0A-%20.NET%20Framework%204.7.3324.0%0D%0A-%20DPI%20144dpi%20%28150%25%20scaling%29%0D%0A